============================= test session starts =============================
platform win32 -- Python 3.13.5, pytest-8.4.2, pluggy-1.5.0 -- K:\MiniConda\python.exe
cachedir: .pytest_cache
rootdir: J:\V3_Mod_Localization_Factory
configfile: pytest.ini
plugins: anyio-4.11.0, mock-3.15.1
collecting ... collected 1 item

tests/test_english_disguise.py::test_english_disguise_configuration FAILED [100%]

================================== FAILURES ===================================
_____________________ test_english_disguise_configuration _____________________
tests\test_english_disguise.py:156: in test_english_disguise_configuration
    assert os.path.normpath(actual_dest_dir) == os.path.normpath(expected_dest_dir), \
E   AssertionError: Expected dest_dir J:/V3_Mod_Localization_Factory\my_translation\it-testproject_englishdisguise\localization\english, got J:/V3_Mod_Localization_Factory\my_translation\IT-testproject_englishdisguise\localization\english
E   assert 'J:\\V3_Mod_Localization_Factory\\my_translation\\IT-testproject_englishdisguise\\localization\\english' == 'J:\\V3_Mod_Localization_Factory\\my_translation\\it-testproject_englishdisguise\\localization\\english'
E     
E     - J:\V3_Mod_Localization_Factory\my_translation\it-testproject_englishdisguise\localization\english
E     ?                                               ^^
E     + J:\V3_Mod_Localization_Factory\my_translation\IT-testproject_englishdisguise\localization\english
E     ?                                               ^^
---------------------------- Captured stdout call -----------------------------
Language loaded: zh_CN
------------------------------ Captured log call ------------------------------
WARNING  root:i18n.py:73 国际化键缺失: 'workflow_initial_translate_name'，当前语言文件包含 0 个键
WARNING  root:i18n.py:73 国际化键缺失: 'start_workflow'，当前语言文件包含 0 个键
WARNING  root:i18n.py:73 国际化键缺失: 'log_selected_provider'，当前语言文件包含 0 个键
WARNING  root:i18n.py:73 国际化键缺失: 'log_glossary_loaded_from_selected'，当前语言文件包含 0 个键
WARNING  root:i18n.py:73 国际化键缺失: 'translating_to_language'，当前语言文件包含 0 个键
WARNING  root:i18n.py:73 国际化键缺失: 'file_build_completed'，当前语言文件包含 0 个键
============================== warnings summary ===============================
tests/test_english_disguise.py::test_english_disguise_configuration
  J:\V3_Mod_Localization_Factory\tests\test_english_disguise.py:140: PydanticDeprecatedSince20: The `dict` method is deprecated; use `model_dump` instead. Deprecated in Pydantic V2.0 to be removed in V3.0. See Pydantic V2 Migration Guide at https://errors.pydantic.dev/2.11/migration/
    custom_lang_config=custom_config.dict()

tests/test_english_disguise.py::test_english_disguise_configuration
  J:\V3_Mod_Localization_Factory\scripts\utils\phonetics_engine.py:47: DeprecationWarning: Call to deprecated method setMode. (Old API will be removed in v3.0.) -- Deprecated since version 2.1.
    k.setMode("H", "a") # Hiragana to Romaji

tests/test_english_disguise.py::test_english_disguise_configuration
  J:\V3_Mod_Localization_Factory\scripts\utils\phonetics_engine.py:48: DeprecationWarning: Call to deprecated method setMode. (Old API will be removed in v3.0.) -- Deprecated since version 2.1.
    k.setMode("K", "a") # Katakana to Romaji

tests/test_english_disguise.py::test_english_disguise_configuration
  J:\V3_Mod_Localization_Factory\scripts\utils\phonetics_engine.py:49: DeprecationWarning: Call to deprecated method setMode. (Old API will be removed in v3.0.) -- Deprecated since version 2.1.
    k.setMode("J", "a") # Kanji to Romaji

tests/test_english_disguise.py::test_english_disguise_configuration
  J:\V3_Mod_Localization_Factory\scripts\utils\phonetics_engine.py:50: DeprecationWarning: Call to deprecated method getConverter. (Old API will be removed in v3.0.) -- Deprecated since version 2.1.
    self._kakasi_converter = k.getConverter()

tests/test_english_disguise.py::test_english_disguise_configuration
  J:\V3_Mod_Localization_Factory\scripts\utils\phonetics_engine.py:83: DeprecationWarning: Call to deprecated method do. (Old API will be removed in v3.0.) -- Deprecated since version 2.1.
    result = converter.do(text)

-- Docs: https://docs.pytest.org/en/stable/how-to/capture-warnings.html
=========================== short test summary info ===========================
FAILED tests/test_english_disguise.py::test_english_disguise_configuration - AssertionError: Expected dest_dir J:/V3_Mod_Localization_Factory\my_translation\it-testproject_englishdisguise\localization\english, got J:/V3_Mod_Localization_Factory\my_translation\IT-testproject_englishdisguise\localization\english
assert 'J:\\V3_Mod_Localization_Factory\\my_translation\\IT-testproject_englishdisguise\\localization\\english' == 'J:\\V3_Mod_Localization_Factory\\my_translation\\it-testproject_englishdisguise\\localization\\english'
  
  - J:\V3_Mod_Localization_Factory\my_translation\it-testproject_englishdisguise\localization\english
  ?                                               ^^
  + J:\V3_Mod_Localization_Factory\my_translation\IT-testproject_englishdisguise\localization\english
  ?                                               ^^
======================== 1 failed, 6 warnings in 1.83s ========================
